52.23.224.136 - - [21/May/2023:18:57:48 +0000] "GET / HTTP/1.1" 200 3371 "-" "python-requests/2.28.1" "52.23.224.136" response-time=5.448
78.182.145.42 - - [21/May/2023:18:58:00 +0000] "GET / HTTP/1.1" 200 3371 "-" "Mozilla/5.0 (X11; Ubuntu; Linux x86_64; rv:109.0) Gecko/20100101 Firefox/113.0" "78.182.145.42" response-time=0.003
78.182.145.42 - - [21/May/2023:18:58:00 +0000] "GET /static/admin/css/fonts.css HTTP/1.1" 200 162 "http://shaqinair.pythonanywhere.com/" "Mozilla/5.0 (X11; Ubuntu; Linux x86_64; rv:109.0) Gecko/20100101 Firefox/113.0" "78.182.145.42" response-time=0.002
78.182.145.42 - - [21/May/2023:18:58:00 +0000] "GET /favicon.ico HTTP/1.1" 404 984 "http://shaqinair.pythonanywhere.com/" "Mozilla/5.0 (X11; Ubuntu; Linux x86_64; rv:109.0) Gecko/20100101 Firefox/113.0" "78.182.145.42" response-time=0.012
78.182.145.42 - - [21/May/2023:18:58:00 +0000] "GET /static/admin/fonts/Roboto-Bold-webfont.woff HTTP/1.1" 200 86184 "http://shaqinair.pythonanywhere.com/static/admin/css/fonts.css" "Mozilla/5.0 (X11; Ubuntu; Linux x86_64; rv:109.0) Gecko/20100101 Firefox/113.0" "78.182.145.42" response-time=0.002
78.182.145.42 - - [21/May/2023:18:58:00 +0000] "GET /static/admin/fonts/Roboto-Regular-webfont.woff HTTP/1.1" 200 85876 "http://shaqinair.pythonanywhere.com/static/admin/css/fonts.css" "Mozilla/5.0 (X11; Ubuntu; Linux x86_64; rv:109.0) Gecko/20100101 Firefox/113.0" "78.182.145.42" response-time=0.003
78.182.145.42 - - [21/May/2023:18:58:01 +0000] "GET /static/admin/fonts/Roboto-Light-webfont.woff HTTP/1.1" 200 85692 "http://shaqinair.pythonanywhere.com/static/admin/css/fonts.css" "Mozilla/5.0 (X11; Ubuntu; Linux x86_64; rv:109.0) Gecko/20100101 Firefox/113.0" "78.182.145.42" response-time=0.192
78.182.145.42 - - [21/May/2023:18:58:01 +0000] "GET /static/admin/fonts/Roboto-Bold-webfont.woff HTTP/1.1" 200 86184 "http://shaqinair.pythonanywhere.com/static/admin/css/fonts.css" "Mozilla/5.0 (X11; Ubuntu; Linux x86_64; rv:109.0) Gecko/20100101 Firefox/113.0" "78.182.145.42" response-time=0.001
78.182.145.42 - - [21/May/2023:18:58:01 +0000] "GET /static/admin/fonts/Roboto-Regular-webfont.woff HTTP/1.1" 200 85876 "http://shaqinair.pythonanywhere.com/static/admin/css/fonts.css" "Mozilla/5.0 (X11; Ubuntu; Linux x86_64; rv:109.0) Gecko/20100101 Firefox/113.0" "78.182.145.42" response-time=0.000
78.182.145.42 - - [21/May/2023:18:58:01 +0000] "GET /static/admin/fonts/Roboto-Light-webfont.woff HTTP/1.1" 200 85692 "http://shaqinair.pythonanywhere.com/static/admin/css/fonts.css" "Mozilla/5.0 (X11; Ubuntu; Linux x86_64; rv:109.0) Gecko/20100101 Firefox/113.0" "78.182.145.42" response-time=0.000
52.23.170.16 - - [21/May/2023:19:00:41 +0000] "GET / HTTP/1.1" 200 3371 "-" "python-requests/2.28.1" "52.23.170.16" response-time=0.019
78.182.145.42 - - [21/May/2023:19:00:43 +0000] "GET / HTTP/1.1" 200 3371 "-" "Mozilla/5.0 (X11; Ubuntu; Linux x86_64; rv:109.0) Gecko/20100101 Firefox/113.0" "78.182.145.42" response-time=0.005
78.182.145.42 - - [21/May/2023:19:00:43 +0000] "GET /static/admin/css/fonts.css HTTP/1.1" 404 994 "http://shaqinair.pythonanywhere.com/" "Mozilla/5.0 (X11; Ubuntu; Linux x86_64; rv:109.0) Gecko/20100101 Firefox/113.0" "78.182.145.42" response-time=0.008
78.182.145.42 - - [21/May/2023:19:00:44 +0000] "GET /static/admin/css/fonts.css HTTP/1.1" 404 994 "http://shaqinair.pythonanywhere.com/" "Mozilla/5.0 (X11; Ubuntu; Linux x86_64; rv:109.0) Gecko/20100101 Firefox/113.0" "78.182.145.42" response-time=0.004
78.182.145.42 - - [21/May/2023:19:00:46 +0000] "GET /static/admin/css/fonts.css HTTP/1.1" 404 994 "http://shaqinair.pythonanywhere.com/" "Mozilla/5.0 (X11; Ubuntu; Linux x86_64; rv:109.0) Gecko/20100101 Firefox/113.0" "78.182.145.42" response-time=0.006
78.182.145.42 - - [21/May/2023:19:00:48 +0000] "GET / HTTP/1.1" 200 3371 "-" "Mozilla/5.0 (X11; Ubuntu; Linux x86_64; rv:109.0) Gecko/20100101 Firefox/113.0" "78.182.145.42" response-time=0.005
78.182.145.42 - - [21/May/2023:19:00:49 +0000] "GET /static/admin/css/fonts.css HTTP/1.1" 404 994 "http://shaqinair.pythonanywhere.com/" "Mozilla/5.0 (X11; Ubuntu; Linux x86_64; rv:109.0) Gecko/20100101 Firefox/113.0" "78.182.145.42" response-time=0.008
52.23.170.16 - - [21/May/2023:19:01:09 +0000] "GET / HTTP/1.1" 200 3371 "-" "python-requests/2.28.1" "52.23.170.16" response-time=0.022
78.182.145.42 - - [21/May/2023:19:01:12 +0000] "GET / HTTP/1.1" 200 3371 "-" "Mozilla/5.0 (X11; Ubuntu; Linux x86_64; rv:109.0) Gecko/20100101 Firefox/113.0" "78.182.145.42" response-time=0.003
78.182.145.42 - - [21/May/2023:19:01:13 +0000] "GET /static/admin/css/fonts.css HTTP/1.1" 404 994 "http://shaqinair.pythonanywhere.com/" "Mozilla/5.0 (X11; Ubuntu; Linux x86_64; rv:109.0) Gecko/20100101 Firefox/113.0" "78.182.145.42" response-time=0.007
78.182.145.42 - - [21/May/2023:19:07:55 +0000] "GET / HTTP/1.1" 200 3371 "-" "Mozilla/5.0 (X11; Ubuntu; Linux x86_64; rv:109.0) Gecko/20100101 Firefox/113.0" "78.182.145.42" response-time=0.006
78.182.145.42 - - [21/May/2023:19:07:55 +0000] "GET /static/admin/css/fonts.css HTTP/1.1" 404 994 "http://shaqinair.pythonanywhere.com/" "Mozilla/5.0 (X11; Ubuntu; Linux x86_64; rv:109.0) Gecko/20100101 Firefox/113.0" "78.182.145.42" response-time=0.006
78.182.145.42 - - [21/May/2023:19:08:02 +0000] "GET /login HTTP/1.1" 404 980 "-" "Mozilla/5.0 (X11; Ubuntu; Linux x86_64; rv:109.0) Gecko/20100101 Firefox/113.0" "78.182.145.42" response-time=0.008
52.23.224.136 - - [21/May/2023:19:12:39 +0000] "GET / HTTP/1.1" 200 270 "-" "python-requests/2.28.1" "52.23.224.136" response-time=5.474
34.224.70.49 - - [21/May/2023:19:16:05 +0000] "GET / HTTP/1.1" 200 270 "-" "python-requests/2.28.1" "34.224.70.49" response-time=0.000
78.182.145.42 - - [21/May/2023:19:16:07 +0000] "GET / HTTP/1.1" 200 270 "-" "Mozilla/5.0 (X11; Ubuntu; Linux x86_64; rv:109.0) Gecko/20100101 Firefox/113.0" "78.182.145.42" response-time=0.000
78.182.145.42 - - [21/May/2023:19:16:35 +0000] "GET /login HTTP/1.1" 404 15 "-" "Mozilla/5.0 (X11; Ubuntu; Linux x86_64; rv:109.0) Gecko/20100101 Firefox/113.0" "78.182.145.42" response-time=0.000
34.224.70.49 - - [21/May/2023:19:18:48 +0000] "GET / HTTP/1.1" 200 270 "-" "python-requests/2.28.1" "34.224.70.49" response-time=0.001
78.182.145.42 - - [21/May/2023:19:18:49 +0000] "GET / HTTP/1.1" 200 270 "-" "Mozilla/5.0 (X11; Ubuntu; Linux x86_64; rv:109.0) Gecko/20100101 Firefox/113.0" "78.182.145.42" response-time=0.000
34.224.70.49 - - [21/May/2023:19:24:58 +0000] "GET / HTTP/1.1" 500 1182 "-" "python-requests/2.28.1" "34.224.70.49" response-time=0.234
34.224.70.49 - - [21/May/2023:19:24:58 +0000] "GET / HTTP/1.1" 500 1182 "-" "python-requests/2.28.1" "34.224.70.49" response-time=0.008
34.224.70.49 - - [21/May/2023:19:31:22 +0000] "GET / HTTP/1.1" 500 1182 "-" "python-requests/2.28.1" "34.224.70.49" response-time=0.010
78.182.145.42 - - [21/May/2023:19:31:24 +0000] "GET / HTTP/1.1" 500 1182 "-" "Mozilla/5.0 (X11; Ubuntu; Linux x86_64; rv:109.0) Gecko/20100101 Firefox/113.0" "78.182.145.42" response-time=0.005
34.224.70.49 - - [21/May/2023:19:34:06 +0000] "GET / HTTP/1.1" 200 1156 "-" "python-requests/2.28.1" "34.224.70.49" response-time=3.428
78.182.145.42 - - [21/May/2023:19:34:09 +0000] "GET / HTTP/1.1" 200 1156 "-" "Mozilla/5.0 (X11; Ubuntu; Linux x86_64; rv:109.0) Gecko/20100101 Firefox/113.0" "78.182.145.42" response-time=0.003
78.182.145.42 - - [21/May/2023:19:34:13 +0000] "GET /N_Analysis/ HTTP/1.1" 200 1239 "http://shaqinair.pythonanywhere.com/" "Mozilla/5.0 (X11; Ubuntu; Linux x86_64; rv:109.0) Gecko/20100101 Firefox/113.0" "78.182.145.42" response-time=0.008
78.182.145.42 - - [21/May/2023:19:34:16 +0000] "GET / HTTP/1.1" 200 1156 "http://shaqinair.pythonanywhere.com/N_Analysis/" "Mozilla/5.0 (X11; Ubuntu; Linux x86_64; rv:109.0) Gecko/20100101 Firefox/113.0" "78.182.145.42" response-time=0.003
78.182.145.42 - - [21/May/2023:19:35:33 +0000] "GET / HTTP/1.1" 200 1156 "-" "Mozilla/5.0 (Windows NT 10.0; Win64; x64) AppleWebKit/537.36 (KHTML, like Gecko) Chrome/113.0.0.0 Safari/537.36" "78.182.145.42" response-time=0.004
78.182.145.42 - - [21/May/2023:19:35:34 +0000] "GET /favicon.ico HTTP/1.1" 404 1146 "https://shaqinair.pythonanywhere.com/" "Mozilla/5.0 (Windows NT 10.0; Win64; x64) AppleWebKit/537.36 (KHTML, like Gecko) Chrome/113.0.0.0 Safari/537.36" "78.182.145.42" response-time=0.035
78.182.145.42 - - [21/May/2023:19:35:44 +0000] "GET /upload/ HTTP/1.1" 200 1279 "http://shaqinair.pythonanywhere.com/" "Mozilla/5.0 (X11; Ubuntu; Linux x86_64; rv:109.0) Gecko/20100101 Firefox/113.0" "78.182.145.42" response-time=0.027
78.182.145.42 - - [21/May/2023:19:36:01 +0000] "GET / HTTP/1.1" 200 1156 "http://shaqinair.pythonanywhere.com/upload/" "Mozilla/5.0 (X11; Ubuntu; Linux x86_64; rv:109.0) Gecko/20100101 Firefox/113.0" "78.182.145.42" response-time=0.003
78.182.145.42 - - [21/May/2023:19:36:13 +0000] "GET /N_Analysis/ HTTP/1.1" 200 1239 "http://shaqinair.pythonanywhere.com/" "Mozilla/5.0 (X11; Ubuntu; Linux x86_64; rv:109.0) Gecko/20100101 Firefox/113.0" "78.182.145.42" response-time=0.002
78.182.145.42 - - [21/May/2023:19:36:19 +0000] "GET /N_Analysis/bisection/ HTTP/1.1" 200 1281 "http://shaqinair.pythonanywhere.com/N_Analysis/" "Mozilla/5.0 (X11; Ubuntu; Linux x86_64; rv:109.0) Gecko/20100101 Firefox/113.0" "78.182.145.42" response-time=0.007
78.182.145.42 - - [21/May/2023:19:36:58 +0000] "POST /N_Analysis/bisection/ HTTP/1.1" 500 118779 "http://shaqinair.pythonanywhere.com/N_Analysis/bisection/" "Mozilla/5.0 (X11; Ubuntu; Linux x86_64; rv:109.0) Gecko/20100101 Firefox/113.0" "78.182.145.42" response-time=0.137
78.182.145.42 - - [21/May/2023:19:37:02 +0000] "GET /N_Analysis/bisection/ HTTP/1.1" 200 1281 "http://shaqinair.pythonanywhere.com/N_Analysis/" "Mozilla/5.0 (X11; Ubuntu; Linux x86_64; rv:109.0) Gecko/20100101 Firefox/113.0" "78.182.145.42" response-time=0.003
78.182.145.42 - - [21/May/2023:19:37:08 +0000] "POST /N_Analysis/bisection/ HTTP/1.1" 500 62176 "http://shaqinair.pythonanywhere.com/N_Analysis/bisection/" "Mozilla/5.0 (X11; Ubuntu; Linux x86_64; rv:109.0) Gecko/20100101 Firefox/113.0" "78.182.145.42" response-time=0.841
78.182.145.42 - - [21/May/2023:19:37:55 +0000] "GET /N_Analysis/bisection/ HTTP/1.1" 200 1279 "http://shaqinair.pythonanywhere.com/N_Analysis/" "Mozilla/5.0 (X11; Ubuntu; Linux x86_64; rv:109.0) Gecko/20100101 Firefox/113.0" "78.182.145.42" response-time=0.005
78.182.145.42 - - [21/May/2023:19:37:57 +0000] "GET /N_Analysis/ HTTP/1.1" 200 1239 "http://shaqinair.pythonanywhere.com/N_Analysis/bisection/" "Mozilla/5.0 (X11; Ubuntu; Linux x86_64; rv:109.0) Gecko/20100101 Firefox/113.0" "78.182.145.42" response-time=0.002
78.182.145.42 - - [21/May/2023:19:37:59 +0000] "GET / HTTP/1.1" 200 1156 "http://shaqinair.pythonanywhere.com/N_Analysis/" "Mozilla/5.0 (X11; Ubuntu; Linux x86_64; rv:109.0) Gecko/20100101 Firefox/113.0" "78.182.145.42" response-time=0.002
78.182.145.42 - - [21/May/2023:19:38:00 +0000] "GET /quadeq/ HTTP/1.1" 200 1379 "http://shaqinair.pythonanywhere.com/" "Mozilla/5.0 (X11; Ubuntu; Linux x86_64; rv:109.0) Gecko/20100101 Firefox/113.0" "78.182.145.42" response-time=0.011
78.182.145.42 - - [21/May/2023:19:38:09 +0000] "POST /quadeq/ HTTP/1.1" 200 1421 "http://shaqinair.pythonanywhere.com/quadeq/" "Mozilla/5.0 (X11; Ubuntu; Linux x86_64; rv:109.0) Gecko/20100101 Firefox/113.0" "78.182.145.42" response-time=0.005
78.182.145.42 - - [21/May/2023:19:38:13 +0000] "GET /main/ HTTP/1.1" 200 1156 "http://shaqinair.pythonanywhere.com/quadeq/" "Mozilla/5.0 (X11; Ubuntu; Linux x86_64; rv:109.0) Gecko/20100101 Firefox/113.0" "78.182.145.42" response-time=0.004
78.182.145.42 - - [21/May/2023:19:38:17 +0000] "GET /profiles/ HTTP/1.1" 200 1003 "http://shaqinair.pythonanywhere.com/main/" "Mozilla/5.0 (X11; Ubuntu; Linux x86_64; rv:109.0) Gecko/20100101 Firefox/113.0" "78.182.145.42" response-time=0.027
78.182.145.42 - - [21/May/2023:19:38:19 +0000] "GET /main/ HTTP/1.1" 200 1156 "http://shaqinair.pythonanywhere.com/profiles/" "Mozilla/5.0 (X11; Ubuntu; Linux x86_64; rv:109.0) Gecko/20100101 Firefox/113.0" "78.182.145.42" response-time=0.002
78.182.145.42 - - [21/May/2023:19:38:22 +0000] "GET /signup/ HTTP/1.1" 200 1352 "http://shaqinair.pythonanywhere.com/main/" "Mozilla/5.0 (X11; Ubuntu; Linux x86_64; rv:109.0) Gecko/20100101 Firefox/113.0" "78.182.145.42" response-time=0.006
78.182.145.42 - - [21/May/2023:19:38:50 +0000] "POST /signup/ HTTP/1.1" 302 0 "http://shaqinair.pythonanywhere.com/signup/" "Mozilla/5.0 (X11; Ubuntu; Linux x86_64; rv:109.0) Gecko/20100101 Firefox/113.0" "78.182.145.42" response-time=0.549
78.182.145.42 - - [21/May/2023:19:38:50 +0000] "GET / HTTP/1.1" 200 1156 "http://shaqinair.pythonanywhere.com/signup/" "Mozilla/5.0 (X11; Ubuntu; Linux x86_64; rv:109.0) Gecko/20100101 Firefox/113.0" "78.182.145.42" response-time=0.002
78.182.145.42 - - [21/May/2023:19:38:58 +0000] "GET /login/ HTTP/1.1" 200 1305 "http://shaqinair.pythonanywhere.com/" "Mozilla/5.0 (X11; Ubuntu; Linux x86_64; rv:109.0) Gecko/20100101 Firefox/113.0" "78.182.145.42" response-time=0.036
78.182.145.42 - - [21/May/2023:19:39:10 +0000] "GET /main/ HTTP/1.1" 200 1156 "http://shaqinair.pythonanywhere.com/login/" "Mozilla/5.0 (X11; Ubuntu; Linux x86_64; rv:109.0) Gecko/20100101 Firefox/113.0" "78.182.145.42" response-time=0.002
78.182.145.42 - - [21/May/2023:19:39:13 +0000] "GET /profiles/ HTTP/1.1" 200 1033 "http://shaqinair.pythonanywhere.com/main/" "Mozilla/5.0 (X11; Ubuntu; Linux x86_64; rv:109.0) Gecko/20100101 Firefox/113.0" "78.182.145.42" response-time=0.014
78.182.145.42 - - [21/May/2023:19:39:14 +0000] "GET /profiles/ishaqkhan/ HTTP/1.1" 200 1074 "http://shaqinair.pythonanywhere.com/profiles/" "Mozilla/5.0 (X11; Ubuntu; Linux x86_64; rv:109.0) Gecko/20100101 Firefox/113.0" "78.182.145.42" response-time=0.024
78.182.145.42 - - [21/May/2023:19:39:16 +0000] "GET /main/ HTTP/1.1" 200 1156 "http://shaqinair.pythonanywhere.com/profiles/ishaqkhan/" "Mozilla/5.0 (X11; Ubuntu; Linux x86_64; rv:109.0) Gecko/20100101 Firefox/113.0" "78.182.145.42" response-time=0.002
78.182.145.42 - - [21/May/2023:19:39:19 +0000] "GET /upload/ HTTP/1.1" 200 1281 "http://shaqinair.pythonanywhere.com/main/" "Mozilla/5.0 (X11; Ubuntu; Linux x86_64; rv:109.0) Gecko/20100101 Firefox/113.0" "78.182.145.42" response-time=0.003
78.182.145.42 - - [21/May/2023:19:39:31 +0000] "POST /upload/ HTTP/1.1" 200 1257 "http://shaqinair.pythonanywhere.com/upload/" "Mozilla/5.0 (X11; Ubuntu; Linux x86_64; rv:109.0) Gecko/20100101 Firefox/113.0" "78.182.145.42" response-time=0.251
78.182.145.42 - - [21/May/2023:19:39:31 +0000] "GET /upload/Snapchat-269265218.jpg HTTP/1.1" 404 1163 "http://shaqinair.pythonanywhere.com/upload/" "Mozilla/5.0 (X11; Ubuntu; Linux x86_64; rv:109.0) Gecko/20100101 Firefox/113.0" "78.182.145.42" response-time=0.016
78.182.145.42 - - [21/May/2023:19:39:34 +0000] "POST /upload/ HTTP/1.1" 200 1308 "http://shaqinair.pythonanywhere.com/upload/" "Mozilla/5.0 (X11; Ubuntu; Linux x86_64; rv:109.0) Gecko/20100101 Firefox/113.0" "78.182.145.42" response-time=0.005
78.182.145.42 - - [21/May/2023:19:39:37 +0000] "GET / HTTP/1.1" 200 1156 "http://shaqinair.pythonanywhere.com/upload/" "Mozilla/5.0 (X11; Ubuntu; Linux x86_64; rv:109.0) Gecko/20100101 Firefox/113.0" "78.182.145.42" response-time=0.003
78.182.145.42 - - [21/May/2023:19:39:40 +0000] "GET /login/ HTTP/1.1" 200 1305 "http://shaqinair.pythonanywhere.com/" "Mozilla/5.0 (X11; Ubuntu; Linux x86_64; rv:109.0) Gecko/20100101 Firefox/113.0" "78.182.145.42" response-time=0.002
78.182.145.42 - - [21/May/2023:19:39:45 +0000] "GET /main/ HTTP/1.1" 200 1156 "http://shaqinair.pythonanywhere.com/login/" "Mozilla/5.0 (X11; Ubuntu; Linux x86_64; rv:109.0) Gecko/20100101 Firefox/113.0" "78.182.145.42" response-time=0.002
78.182.145.42 - - [21/May/2023:19:39:48 +0000] "GET /N_Analysis/ HTTP/1.1" 200 1239 "http://shaqinair.pythonanywhere.com/main/" "Mozilla/5.0 (X11; Ubuntu; Linux x86_64; rv:109.0) Gecko/20100101 Firefox/113.0" "78.182.145.42" response-time=0.002
78.182.145.42 - - [21/May/2023:19:39:54 +0000] "GET /N_Analysis/FPI/ HTTP/1.1" 200 1242 "http://shaqinair.pythonanywhere.com/N_Analysis/" "Mozilla/5.0 (X11; Ubuntu; Linux x86_64; rv:109.0) Gecko/20100101 Firefox/113.0" "78.182.145.42" response-time=0.006
78.182.145.42 - - [21/May/2023:19:40:00 +0000] "GET /N_Analysis/ HTTP/1.1" 200 1239 "http://shaqinair.pythonanywhere.com/N_Analysis/FPI/" "Mozilla/5.0 (X11; Ubuntu; Linux x86_64; rv:109.0) Gecko/20100101 Firefox/113.0" "78.182.145.42" response-time=0.003
78.182.145.42 - - [21/May/2023:19:40:02 +0000] "GET / HTTP/1.1" 200 1156 "http://shaqinair.pythonanywhere.com/N_Analysis/" "Mozilla/5.0 (X11; Ubuntu; Linux x86_64; rv:109.0) Gecko/20100101 Firefox/113.0" "78.182.145.42" response-time=0.003
78.182.145.42 - - [21/May/2023:19:47:42 +0000] "GET /N_Analysis/ HTTP/1.1" 200 1239 "http://shaqinair.pythonanywhere.com/" "Mozilla/5.0 (X11; Ubuntu; Linux x86_64; rv:109.0) Gecko/20100101 Firefox/113.0" "78.182.145.42" response-time=0.002
78.182.145.42 - - [21/May/2023:19:47:44 +0000] "GET /N_Analysis/bisection/ HTTP/1.1" 200 1280 "http://shaqinair.pythonanywhere.com/N_Analysis/" "Mozilla/5.0 (X11; Ubuntu; Linux x86_64; rv:109.0) Gecko/20100101 Firefox/113.0" "78.182.145.42" response-time=0.002
78.182.145.42 - - [21/May/2023:19:48:08 +0000] "POST /N_Analysis/bisection/ HTTP/1.1" 200 1658 "http://shaqinair.pythonanywhere.com/N_Analysis/bisection/" "Mozilla/5.0 (X11; Ubuntu; Linux x86_64; rv:109.0) Gecko/20100101 Firefox/113.0" "78.182.145.42" response-time=0.013
78.182.145.42 - - [21/May/2023:19:49:32 +0000] "POST /N_Analysis/bisection/ HTTP/1.1" 500 61848 "http://shaqinair.pythonanywhere.com/N_Analysis/bisection/" "Mozilla/5.0 (X11; Ubuntu; Linux x86_64; rv:109.0) Gecko/20100101 Firefox/113.0" "78.182.145.42" response-time=0.051
78.182.145.42 - - [21/May/2023:19:50:29 +0000] "POST /N_Analysis/bisection/ HTTP/1.1" 200 1528 "http://shaqinair.pythonanywhere.com/N_Analysis/bisection/" "Mozilla/5.0 (X11; Ubuntu; Linux x86_64; rv:109.0) Gecko/20100101 Firefox/113.0" "78.182.145.42" response-time=0.016
78.182.145.42 - - [21/May/2023:19:51:44 +0000] "GET /N_Analysis/ HTTP/1.1" 200 1239 "http://shaqinair.pythonanywhere.com/N_Analysis/bisection/" "Mozilla/5.0 (X11; Ubuntu; Linux x86_64; rv:109.0) Gecko/20100101 Firefox/113.0" "78.182.145.42" response-time=0.003
78.182.145.42 - - [21/May/2023:19:51:47 +0000] "GET / HTTP/1.1" 200 1156 "http://shaqinair.pythonanywhere.com/N_Analysis/" "Mozilla/5.0 (X11; Ubuntu; Linux x86_64; rv:109.0) Gecko/20100101 Firefox/113.0" "78.182.145.42" response-time=0.001
78.182.145.42 - - [21/May/2023:19:51:49 +0000] "GET /profiles/ HTTP/1.1" 200 1033 "http://shaqinair.pythonanywhere.com/" "Mozilla/5.0 (X11; Ubuntu; Linux x86_64; rv:109.0) Gecko/20100101 Firefox/113.0" "78.182.145.42" response-time=0.015
78.182.145.42 - - [21/May/2023:19:51:51 +0000] "GET /profiles/ishaqkhan/ HTTP/1.1" 200 1074 "http://shaqinair.pythonanywhere.com/profiles/" "Mozilla/5.0 (X11; Ubuntu; Linux x86_64; rv:109.0) Gecko/20100101 Firefox/113.0" "78.182.145.42" response-time=0.010
78.182.145.42 - - [21/May/2023:19:51:54 +0000] "GET /main/ HTTP/1.1" 200 1156 "http://shaqinair.pythonanywhere.com/profiles/ishaqkhan/" "Mozilla/5.0 (X11; Ubuntu; Linux x86_64; rv:109.0) Gecko/20100101 Firefox/113.0" "78.182.145.42" response-time=0.002
78.182.145.42 - - [21/May/2023:19:52:00 +0000] "GET /login/ HTTP/1.1" 200 1304 "http://shaqinair.pythonanywhere.com/main/" "Mozilla/5.0 (X11; Ubuntu; Linux x86_64; rv:109.0) Gecko/20100101 Firefox/113.0" "78.182.145.42" response-time=0.015
78.182.145.42 - - [21/May/2023:19:52:40 +0000] "POST /login/ HTTP/1.1" 500 75165 "http://shaqinair.pythonanywhere.com/login/" "Mozilla/5.0 (X11; Ubuntu; Linux x86_64; rv:109.0) Gecko/20100101 Firefox/113.0" "78.182.145.42" response-time=1.417
34.224.70.49 - - [21/May/2023:19:54:25 +0000] "GET / HTTP/1.1" 200 1156 "-" "python-requests/2.28.1" "34.224.70.49" response-time=2.007
78.182.145.42 - - [21/May/2023:19:54:28 +0000] "GET /login/ HTTP/1.1" 200 1304 "http://shaqinair.pythonanywhere.com/main/" "Mozilla/5.0 (X11; Ubuntu; Linux x86_64; rv:109.0) Gecko/20100101 Firefox/113.0" "78.182.145.42" response-time=0.005
78.182.145.42 - - [21/May/2023:19:54:33 +0000] "POST /login/ HTTP/1.1" 302 0 "http://shaqinair.pythonanywhere.com/login/" "Mozilla/5.0 (X11; Ubuntu; Linux x86_64; rv:109.0) Gecko/20100101 Firefox/113.0" "78.182.145.42" response-time=0.956
78.182.145.42 - - [21/May/2023:19:54:33 +0000] "GET /profiles/ HTTP/1.1" 200 1033 "http://shaqinair.pythonanywhere.com/login/" "Mozilla/5.0 (X11; Ubuntu; Linux x86_64; rv:109.0) Gecko/20100101 Firefox/113.0" "78.182.145.42" response-time=0.013
78.182.145.42 - - [21/May/2023:19:54:43 +0000] "GET /main/ HTTP/1.1" 200 1156 "http://shaqinair.pythonanywhere.com/profiles/" "Mozilla/5.0 (X11; Ubuntu; Linux x86_64; rv:109.0) Gecko/20100101 Firefox/113.0" "78.182.145.42" response-time=0.001
78.182.145.42 - - [21/May/2023:19:54:49 +0000] "GET /upload/ HTTP/1.1" 200 1279 "http://shaqinair.pythonanywhere.com/main/" "Mozilla/5.0 (X11; Ubuntu; Linux x86_64; rv:109.0) Gecko/20100101 Firefox/113.0" "78.182.145.42" response-time=0.053
78.182.145.42 - - [21/May/2023:19:55:27 +0000] "GET / HTTP/1.1" 200 1156 "-" "Mozilla/5.0 (X11; Ubuntu; Linux x86_64; rv:109.0) Gecko/20100101 Firefox/113.0" "78.182.145.42" response-time=0.002
37.231.90.11 - - [21/May/2023:19:56:13 +0000] "GET / HTTP/1.1" 200 1156 "-" "Mozilla/5.0 (Linux; Android 10; K) AppleWebKit/537.36 (KHTML, like Gecko) Chrome/111.0.0.0 Mobile Safari/537.36" "37.231.90.11" response-time=0.004
37.231.90.11 - - [21/May/2023:19:56:14 +0000] "GET /favicon.ico HTTP/1.1" 404 1145 "http://shaqinair.pythonanywhere.com/" "Mozilla/5.0 (Linux; Android 10; K) AppleWebKit/537.36 (KHTML, like Gecko) Chrome/111.0.0.0 Mobile Safari/537.36" "37.231.90.11" response-time=0.024
37.231.90.11 - - [21/May/2023:19:56:23 +0000] "GET /N_Analysis/ HTTP/1.1" 200 1239 "http://shaqinair.pythonanywhere.com/" "Mozilla/5.0 (Linux; Android 10; K) AppleWebKit/537.36 (KHTML, like Gecko) Chrome/111.0.0.0 Mobile Safari/537.36" "37.231.90.11" response-time=0.010
37.231.90.11 - - [21/May/2023:19:56:25 +0000] "GET /N_Analysis/newtons/ HTTP/1.1" 200 1254 "http://shaqinair.pythonanywhere.com/N_Analysis/" "Mozilla/5.0 (Linux; Android 10; K) AppleWebKit/537.36 (KHTML, like Gecko) Chrome/111.0.0.0 Mobile Safari/537.36" "37.231.90.11" response-time=0.006
37.231.90.11 - - [21/May/2023:19:56:37 +0000] "GET /N_Analysis/falsi_fpi/ HTTP/1.1" 200 1273 "http://shaqinair.pythonanywhere.com/N_Analysis/" "Mozilla/5.0 (Linux; Android 10; K) AppleWebKit/537.36 (KHTML, like Gecko) Chrome/111.0.0.0 Mobile Safari/537.36" "37.231.90.11" response-time=0.007
37.231.90.11 - - [21/May/2023:19:56:47 +0000] "GET /N_Analysis/falsi_fpi/ HTTP/1.1" 200 1271 "http://shaqinair.pythonanywhere.com/N_Analysis/" "Mozilla/5.0 (Linux; Android 10; K) AppleWebKit/537.36 (KHTML, like Gecko) Chrome/111.0.0.0 Mobile Safari/537.36" "37.231.90.11" response-time=0.002
37.231.90.11 - - [21/May/2023:19:56:55 +0000] "GET /N_Analysis/falsi_fpi/ HTTP/1.1" 200 1271 "http://shaqinair.pythonanywhere.com/N_Analysis/" "Mozilla/5.0 (Linux; Android 10; K) AppleWebKit/537.36 (KHTML, like Gecko) Chrome/111.0.0.0 Mobile Safari/537.36" "37.231.90.11" response-time=0.003
37.231.90.11 - - [21/May/2023:19:56:57 +0000] "GET /N_Analysis/newtons/ HTTP/1.1" 200 1257 "http://shaqinair.pythonanywhere.com/N_Analysis/" "Mozilla/5.0 (Linux; Android 10; K) AppleWebKit/537.36 (KHTML, like Gecko) Chrome/111.0.0.0 Mobile Safari/537.36" "37.231.90.11" response-time=0.002
37.231.90.11 - - [21/May/2023:19:57:03 +0000] "GET /N_Analysis/FPI/ HTTP/1.1" 200 1247 "http://shaqinair.pythonanywhere.com/N_Analysis/" "Mozilla/5.0 (Linux; Android 10; K) AppleWebKit/537.36 (KHTML, like Gecko) Chrome/111.0.0.0 Mobile Safari/537.36" "37.231.90.11" response-time=0.006
37.231.90.11 - - [21/May/2023:19:57:13 +0000] "GET /N_Analysis/bisection/ HTTP/1.1" 200 1278 "http://shaqinair.pythonanywhere.com/N_Analysis/" "Mozilla/5.0 (Linux; Android 10; K) AppleWebKit/537.36 (KHTML, like Gecko) Chrome/111.0.0.0 Mobile Safari/537.36" "37.231.90.11" response-time=0.006
37.231.90.11 - - [21/May/2023:19:57:21 +0000] "GET / HTTP/1.1" 200 1156 "http://shaqinair.pythonanywhere.com/N_Analysis/" "Mozilla/5.0 (Linux; Android 10; K) AppleWebKit/537.36 (KHTML, like Gecko) Chrome/111.0.0.0 Mobile Safari/537.36" "37.231.90.11" response-time=0.002
37.231.90.11 - - [21/May/2023:19:57:24 +0000] "GET /calc/ HTTP/1.1" 200 1323 "http://shaqinair.pythonanywhere.com/" "Mozilla/5.0 (Linux; Android 10; K) AppleWebKit/537.36 (KHTML, like Gecko) Chrome/111.0.0.0 Mobile Safari/537.36" "37.231.90.11" response-time=0.007
78.182.145.42 - - [21/May/2023:19:57:43 +0000] "GET / HTTP/1.1" 200 1156 "-" "Mozilla/5.0 (X11; Linux x86_64) AppleWebKit/537.36 (KHTML, like Gecko) Chrome/111.0.0.0 Safari/537.36" "78.182.145.42" response-time=0.003
78.182.145.42 - - [21/May/2023:19:57:44 +0000] "GET /favicon.ico HTTP/1.1" 404 1145 "http://shaqinair.pythonanywhere.com/" "Mozilla/5.0 (X11; Linux x86_64) AppleWebKit/537.36 (KHTML, like Gecko) Chrome/111.0.0.0 Safari/537.36" "78.182.145.42" response-time=0.010
37.231.90.11 - - [21/May/2023:19:58:10 +0000] "GET / HTTP/1.1" 200 1156 "-" "Mozilla/5.0 (Linux; Android 10; K) AppleWebKit/537.36 (KHTML, like Gecko) Chrome/111.0.0.0 Mobile Safari/537.36" "37.231.90.11" response-time=0.002
37.231.90.11 - - [21/May/2023:19:58:10 +0000] "GET /favicon.ico HTTP/1.1" 404 1145 "http://shaqinair.pythonanywhere.com/" "Mozilla/5.0 (Linux; Android 10; K) AppleWebKit/537.36 (KHTML, like Gecko) Chrome/111.0.0.0 Mobile Safari/537.36" "37.231.90.11" response-time=0.009
37.231.90.11 - - [21/May/2023:19:58:12 +0000] "GET /N_Analysis/ HTTP/1.1" 200 1239 "http://shaqinair.pythonanywhere.com/" "Mozilla/5.0 (Linux; Android 10; K) AppleWebKit/537.36 (KHTML, like Gecko) Chrome/111.0.0.0 Mobile Safari/537.36" "37.231.90.11" response-time=0.002
37.231.90.11 - - [21/May/2023:19:58:15 +0000] "GET /N_Analysis/horners/ HTTP/1.1" 200 1221 "http://shaqinair.pythonanywhere.com/N_Analysis/" "Mozilla/5.0 (Linux; Android 10; K) AppleWebKit/537.36 (KHTML, like Gecko) Chrome/111.0.0.0 Mobile Safari/537.36" "37.231.90.11" response-time=0.007
37.231.90.11 - - [21/May/2023:19:58:19 +0000] "GET /N_Analysis/regula_falsi/ HTTP/1.1" 200 1265 "http://shaqinair.pythonanywhere.com/N_Analysis/" "Mozilla/5.0 (Linux; Android 10; K) AppleWebKit/537.36 (KHTML, like Gecko) Chrome/111.0.0.0 Mobile Safari/537.36" "37.231.90.11" response-time=0.006
37.231.90.11 - - [21/May/2023:20:02:16 +0000] "GET / HTTP/1.1" 200 1156 "-" "Mozilla/5.0 (Linux; Android 10; K) AppleWebKit/537.36 (KHTML, like Gecko) Chrome/111.0.0.0 Mobile Safari/537.36" "37.231.90.11" response-time=0.002
37.231.90.11 - - [21/May/2023:20:02:19 +0000] "GET /favicon.ico HTTP/1.1" 404 1145 "http://shaqinair.pythonanywhere.com/" "Mozilla/5.0 (Linux; Android 10; K) AppleWebKit/537.36 (KHTML, like Gecko) Chrome/111.0.0.0 Mobile Safari/537.36" "37.231.90.11" response-time=0.015
37.231.90.11 - - [21/May/2023:20:02:24 +0000] "GET /quadeq/ HTTP/1.1" 200 1382 "http://shaqinair.pythonanywhere.com/" "Mozilla/5.0 (Linux; Android 10; K) AppleWebKit/537.36 (KHTML, like Gecko) Chrome/111.0.0.0 Mobile Safari/537.36" "37.231.90.11" response-time=0.007
37.231.90.11 - - [21/May/2023:20:02:27 +0000] "GET /upload/ HTTP/1.1" 200 1277 "http://shaqinair.pythonanywhere.com/" "Mozilla/5.0 (Linux; Android 10; K) AppleWebKit/537.36 (KHTML, like Gecko) Chrome/111.0.0.0 Mobile Safari/537.36" "37.231.90.11" response-time=0.003
37.231.90.11 - - [21/May/2023:20:02:36 +0000] "POST /upload/ HTTP/1.1" 200 1259 "http://shaqinair.pythonanywhere.com/upload/" "Mozilla/5.0 (Linux; Android 10; K) AppleWebKit/537.36 (KHTML, like Gecko) Chrome/111.0.0.0 Mobile Safari/537.36" "37.231.90.11" response-time=0.038
37.231.90.11 - - [21/May/2023:20:02:36 +0000] "GET /upload/Snapchat-269265218.jpg HTTP/1.1" 404 1163 "http://shaqinair.pythonanywhere.com/upload/" "Mozilla/5.0 (Linux; Android 10; K) AppleWebKit/537.36 (KHTML, like Gecko) Chrome/111.0.0.0 Mobile Safari/537.36" "37.231.90.11" response-time=0.009
37.231.90.11 - - [21/May/2023:20:02:39 +0000] "POST /upload/ HTTP/1.1" 200 1309 "http://shaqinair.pythonanywhere.com/upload/" "Mozilla/5.0 (Linux; Android 10; K) AppleWebKit/537.36 (KHTML, like Gecko) Chrome/111.0.0.0 Mobile Safari/537.36" "37.231.90.11" response-time=0.007
78.182.145.42 - - [21/May/2023:20:04:17 +0000] "GET /profiles/ HTTP/1.1" 200 1033 "http://shaqinair.pythonanywhere.com/" "Mozilla/5.0 (X11; Linux x86_64) AppleWebKit/537.36 (KHTML, like Gecko) Chrome/111.0.0.0 Safari/537.36" "78.182.145.42" response-time=0.008
37.231.90.11 - - [21/May/2023:20:04:31 +0000] "GET / HTTP/1.1" 200 1156 "-" "Mozilla/5.0 (Linux; Android 10; K) AppleWebKit/537.36 (KHTML, like Gecko) Chrome/111.0.0.0 Mobile Safari/537.36" "37.231.90.11" response-time=0.002
37.231.90.11 - - [21/May/2023:20:04:33 +0000] "GET /signup/ HTTP/1.1" 200 1353 "http://shaqinair.pythonanywhere.com/" "Mozilla/5.0 (Linux; Android 10; K) AppleWebKit/537.36 (KHTML, like Gecko) Chrome/111.0.0.0 Mobile Safari/537.36" "37.231.90.11" response-time=0.007
37.231.90.11 - - [21/May/2023:20:04:41 +0000] "GET /favicon.ico HTTP/1.1" 404 1145 "http://shaqinair.pythonanywhere.com/" "Mozilla/5.0 (Linux; Android 10; K) AppleWebKit/537.36 (KHTML, like Gecko) Chrome/111.0.0.0 Mobile Safari/537.36" "37.231.90.11" response-time=0.018
37.231.90.11 - - [21/May/2023:20:04:41 +0000] "GET /favicon.ico HTTP/1.1" 404 1145 "http://shaqinair.pythonanywhere.com/signup/" "Mozilla/5.0 (Linux; Android 10; K) AppleWebKit/537.36 (KHTML, like Gecko) Chrome/111.0.0.0 Mobile Safari/537.36" "37.231.90.11" response-time=0.008
78.182.145.42 - - [21/May/2023:20:05:12 +0000] "GET /profiles/ HTTP/1.1" 200 1033 "http://shaqinair.pythonanywhere.com/" "Mozilla/5.0 (X11; Linux x86_64) AppleWebKit/537.36 (KHTML, like Gecko) Chrome/111.0.0.0 Safari/537.36" "78.182.145.42" response-time=0.793
37.231.90.11 - - [21/May/2023:20:07:31 +0000] "POST /signup/ HTTP/1.1" 302 0 "http://shaqinair.pythonanywhere.com/signup/" "Mozilla/5.0 (Linux; Android 10; K) AppleWebKit/537.36 (KHTML, like Gecko) Chrome/111.0.0.0 Mobile Safari/537.36" "37.231.90.11" response-time=0.979
37.231.90.11 - - [21/May/2023:20:07:31 +0000] "GET / HTTP/1.1" 200 1156 "http://shaqinair.pythonanywhere.com/signup/" "Mozilla/5.0 (Linux; Android 10; K) AppleWebKit/537.36 (KHTML, like Gecko) Chrome/111.0.0.0 Mobile Safari/537.36" "37.231.90.11" response-time=0.004
37.231.90.11 - - [21/May/2023:20:07:42 +0000] "GET /login/ HTTP/1.1" 200 1305 "http://shaqinair.pythonanywhere.com/" "Mozilla/5.0 (Linux; Android 10; K) AppleWebKit/537.36 (KHTML, like Gecko) Chrome/111.0.0.0 Mobile Safari/537.36" "37.231.90.11" response-time=0.003
37.231.90.11 - - [21/May/2023:20:07:55 +0000] "POST /login/ HTTP/1.1" 302 0 "http://shaqinair.pythonanywhere.com/login/" "Mozilla/5.0 (Linux; Android 10; K) AppleWebKit/537.36 (KHTML, like Gecko) Chrome/111.0.0.0 Mobile Safari/537.36" "37.231.90.11" response-time=0.753
37.231.90.11 - - [21/May/2023:20:07:55 +0000] "GET /profiles/ HTTP/1.1" 200 1049 "http://shaqinair.pythonanywhere.com/login/" "Mozilla/5.0 (Linux; Android 10; K) AppleWebKit/537.36 (KHTML, like Gecko) Chrome/111.0.0.0 Mobile Safari/537.36" "37.231.90.11" response-time=0.009
78.182.145.42 - - [21/May/2023:20:10:35 +0000] "GET /profiles/ HTTP/1.1" 200 1049 "http://shaqinair.pythonanywhere.com/" "Mozilla/5.0 (X11; Linux x86_64) AppleWebKit/537.36 (KHTML, like Gecko) Chrome/111.0.0.0 Safari/537.36" "78.182.145.42" response-time=0.016
78.182.145.42 - - [21/May/2023:20:10:37 +0000] "GET /profiles/Dora_marq/ HTTP/1.1" 200 1083 "http://shaqinair.pythonanywhere.com/profiles/" "Mozilla/5.0 (X11; Linux x86_64) AppleWebKit/537.36 (KHTML, like Gecko) Chrome/111.0.0.0 Safari/537.36" "78.182.145.42" response-time=0.014
78.182.145.42 - - [21/May/2023:20:10:43 +0000] "GET /profiles/ HTTP/1.1" 200 1049 "http://shaqinair.pythonanywhere.com/profiles/Dora_marq/" "Mozilla/5.0 (X11; Linux x86_64) AppleWebKit/537.36 (KHTML, like Gecko) Chrome/111.0.0.0 Safari/537.36" "78.182.145.42" response-time=0.007
78.182.145.42 - - [21/May/2023:20:14:19 +0000] "GET /profiles/ HTTP/1.1" 200 1049 "http://shaqinair.pythonanywhere.com/profiles/Dora_marq/" "Mozilla/5.0 (X11; Linux x86_64) AppleWebKit/537.36 (KHTML, like Gecko) Chrome/111.0.0.0 Safari/537.36" "78.182.145.42" response-time=0.008
78.182.145.42 - - [21/May/2023:20:14:21 +0000] "GET /main/ HTTP/1.1" 200 1156 "http://shaqinair.pythonanywhere.com/profiles/" "Mozilla/5.0 (X11; Linux x86_64) AppleWebKit/537.36 (KHTML, like Gecko) Chrome/111.0.0.0 Safari/537.36" "78.182.145.42" response-time=0.003
78.182.145.42 - - [21/May/2023:20:14:26 +0000] "GET /N_Analysis/ HTTP/1.1" 200 1239 "http://shaqinair.pythonanywhere.com/main/" "Mozilla/5.0 (X11; Linux x86_64) AppleWebKit/537.36 (KHTML, like Gecko) Chrome/111.0.0.0 Safari/537.36" "78.182.145.42" response-time=0.002
78.182.145.42 - - [21/May/2023:20:14:28 +0000] "GET / HTTP/1.1" 200 1156 "http://shaqinair.pythonanywhere.com/N_Analysis/" "Mozilla/5.0 (X11; Linux x86_64) AppleWebKit/537.36 (KHTML, like Gecko) Chrome/111.0.0.0 Safari/537.36" "78.182.145.42" response-time=0.003
69.171.249.11 - - [21/May/2023:20:15:48 +0000] "GET / HTTP/1.1" 200 1156 "-" "facebookexternalhit/1.1 (+http://www.facebook.com/externalhit_uatext.php)" "69.171.249.11" response-time=0.003
78.182.145.42 - - [21/May/2023:20:17:22 +0000] "GET / HTTP/1.1" 200 1156 "http://instagram.com/" "Mozilla/5.0 (iPhone; CPU iPhone OS 15_7_5 like Mac OS X) AppleWebKit/605.1.15 (KHTML, like Gecko) Mobile/15E148 Instagram 283.0.0.16.103 (iPhone9,1; iOS 15_7_5; en_TR; en-TR; scale=2.00; 750x1334; 474411477) NW/3" "78.182.145.42" response-time=0.002
78.182.145.42 - - [21/May/2023:20:17:28 +0000] "GET /profiles/ HTTP/1.1" 200 1049 "http://shaqinair.pythonanywhere.com/" "Mozilla/5.0 (iPhone; CPU iPhone OS 15_7_5 like Mac OS X) AppleWebKit/605.1.15 (KHTML, like Gecko) Mobile/15E148 Instagram 283.0.0.16.103 (iPhone9,1; iOS 15_7_5; en_TR; en-TR; scale=2.00; 750x1334; 474411477)" "78.182.145.42" response-time=0.011
78.182.145.42 - - [21/May/2023:20:17:30 +0000] "GET /profiles/ishaqkhan/ HTTP/1.1" 200 1074 "http://shaqinair.pythonanywhere.com/profiles/" "Mozilla/5.0 (iPhone; CPU iPhone OS 15_7_5 like Mac OS X) AppleWebKit/605.1.15 (KHTML, like Gecko) Mobile/15E148 Instagram 283.0.0.16.103 (iPhone9,1; iOS 15_7_5; en_TR; en-TR; scale=2.00; 750x1334; 474411477)" "78.182.145.42" response-time=0.007
78.182.145.42 - - [21/May/2023:20:17:34 +0000] "GET /profiles/ HTTP/1.1" 200 1049 "http://shaqinair.pythonanywhere.com/profiles/ishaqkhan/" "Mozilla/5.0 (iPhone; CPU iPhone OS 15_7_5 like Mac OS X) AppleWebKit/605.1.15 (KHTML, like Gecko) Mobile/15E148 Instagram 283.0.0.16.103 (iPhone9,1; iOS 15_7_5; en_TR; en-TR; scale=2.00; 750x1334; 474411477)" "78.182.145.42" response-time=0.008
78.182.145.42 - - [21/May/2023:20:17:35 +0000] "GET /main/ HTTP/1.1" 200 1156 "http://shaqinair.pythonanywhere.com/profiles/" "Mozilla/5.0 (iPhone; CPU iPhone OS 15_7_5 like Mac OS X) AppleWebKit/605.1.15 (KHTML, like Gecko) Mobile/15E148 Instagram 283.0.0.16.103 (iPhone9,1; iOS 15_7_5; en_TR; en-TR; scale=2.00; 750x1334; 474411477)" "78.182.145.42" response-time=0.002
78.182.145.42 - - [21/May/2023:20:17:40 +0000] "GET /quadeq/ HTTP/1.1" 200 1379 "http://shaqinair.pythonanywhere.com/main/" "Mozilla/5.0 (iPhone; CPU iPhone OS 15_7_5 like Mac OS X) AppleWebKit/605.1.15 (KHTML, like Gecko) Mobile/15E148 Instagram 283.0.0.16.103 (iPhone9,1; iOS 15_7_5; en_TR; en-TR; scale=2.00; 750x1334; 474411477)" "78.182.145.42" response-time=0.002
78.182.145.42 - - [21/May/2023:20:17:45 +0000] "GET /calc/ HTTP/1.1" 200 1323 "http://shaqinair.pythonanywhere.com/quadeq/" "Mozilla/5.0 (iPhone; CPU iPhone OS 15_7_5 like Mac OS X) AppleWebKit/605.1.15 (KHTML, like Gecko) Mobile/15E148 Instagram 283.0.0.16.103 (iPhone9,1; iOS 15_7_5; en_TR; en-TR; scale=2.00; 750x1334; 474411477)" "78.182.145.42" response-time=0.003
78.182.145.42 - - [21/May/2023:20:17:48 +0000] "GET /main/ HTTP/1.1" 200 1156 "http://shaqinair.pythonanywhere.com/calc/" "Mozilla/5.0 (iPhone; CPU iPhone OS 15_7_5 like Mac OS X) AppleWebKit/605.1.15 (KHTML, like Gecko) Mobile/15E148 Instagram 283.0.0.16.103 (iPhone9,1; iOS 15_7_5; en_TR; en-TR; scale=2.00; 750x1334; 474411477)" "78.182.145.42" response-time=0.002
78.182.145.42 - - [21/May/2023:20:17:51 +0000] "GET /upload/ HTTP/1.1" 200 1279 "http://shaqinair.pythonanywhere.com/main/" "Mozilla/5.0 (iPhone; CPU iPhone OS 15_7_5 like Mac OS X) AppleWebKit/605.1.15 (KHTML, like Gecko) Mobile/15E148 Instagram 283.0.0.16.103 (iPhone9,1; iOS 15_7_5; en_TR; en-TR; scale=2.00; 750x1334; 474411477)" "78.182.145.42" response-time=0.003
78.182.145.42 - - [21/May/2023:20:17:55 +0000] "GET / HTTP/1.1" 200 1156 "http://shaqinair.pythonanywhere.com/upload/" "Mozilla/5.0 (iPhone; CPU iPhone OS 15_7_5 like Mac OS X) AppleWebKit/605.1.15 (KHTML, like Gecko) Mobile/15E148 Instagram 283.0.0.16.103 (iPhone9,1; iOS 15_7_5; en_TR; en-TR; scale=2.00; 750x1334; 474411477)" "78.182.145.42" response-time=0.002
78.182.145.42 - - [21/May/2023:20:17:58 +0000] "GET /N_Analysis/ HTTP/1.1" 200 1239 "http://shaqinair.pythonanywhere.com/" "Mozilla/5.0 (iPhone; CPU iPhone OS 15_7_5 like Mac OS X) AppleWebKit/605.1.15 (KHTML, like Gecko) Mobile/15E148 Instagram 283.0.0.16.103 (iPhone9,1; iOS 15_7_5; en_TR; en-TR; scale=2.00; 750x1334; 474411477)" "78.182.145.42" response-time=0.002
78.182.145.42 - - [21/May/2023:20:18:03 +0000] "GET /N_Analysis/newtons/ HTTP/1.1" 200 1255 "http://shaqinair.pythonanywhere.com/N_Analysis/" "Mozilla/5.0 (iPhone; CPU iPhone OS 15_7_5 like Mac OS X) AppleWebKit/605.1.15 (KHTML, like Gecko) Mobile/15E148 Instagram 283.0.0.16.103 (iPhone9,1; iOS 15_7_5; en_TR; en-TR; scale=2.00; 750x1334; 474411477)" "78.182.145.42" response-time=0.005
78.182.145.42 - - [21/May/2023:20:18:07 +0000] "GET /N_Analysis/ HTTP/1.1" 200 1239 "http://shaqinair.pythonanywhere.com/N_Analysis/newtons/" "Mozilla/5.0 (iPhone; CPU iPhone OS 15_7_5 like Mac OS X) AppleWebKit/605.1.15 (KHTML, like Gecko) Mobile/15E148 Instagram 283.0.0.16.103 (iPhone9,1; iOS 15_7_5; en_TR; en-TR; scale=2.00; 750x1334; 474411477)" "78.182.145.42" response-time=0.001
78.182.145.42 - - [21/May/2023:20:18:13 +0000] "GET / HTTP/1.1" 200 1156 "http://shaqinair.pythonanywhere.com/N_Analysis/" "Mozilla/5.0 (iPhone; CPU iPhone OS 15_7_5 like Mac OS X) AppleWebKit/605.1.15 (KHTML, like Gecko) Mobile/15E148 Instagram 283.0.0.16.103 (iPhone9,1; iOS 15_7_5; en_TR; en-TR; scale=2.00; 750x1334; 474411477)" "78.182.145.42" response-time=0.002
5.46.162.34 - - [21/May/2023:20:23:16 +0000] "GET / HTTP/1.1" 200 1156 "-" "Mozilla/5.0 (Linux; Android 10; K) AppleWebKit/537.36 (KHTML, like Gecko) Chrome/113.0.0.0 Mobile Safari/537.36" "5.46.162.34" response-time=0.002
78.182.145.42 - - [21/May/2023:20:23:17 +0000] "GET / HTTP/1.1" 200 1156 "-" "WhatsApp/2.23.9.77 i" "78.182.145.42" response-time=0.003
5.46.162.34 - - [21/May/2023:20:23:17 +0000] "GET /favicon.ico HTTP/1.1" 404 1145 "http://shaqinair.pythonanywhere.com/" "Mozilla/5.0 (Linux; Android 10; K) AppleWebKit/537.36 (KHTML, like Gecko) Chrome/113.0.0.0 Mobile Safari/537.36" "5.46.162.34" response-time=0.025
5.46.162.34 - - [21/May/2023:20:23:21 +0000] "GET /login/ HTTP/1.1" 200 1306 "http://shaqinair.pythonanywhere.com/" "Mozilla/5.0 (Linux; Android 10; K) AppleWebKit/537.36 (KHTML, like Gecko) Chrome/113.0.0.0 Mobile Safari/537.36" "5.46.162.34" response-time=0.003
78.182.145.42 - - [21/May/2023:20:25:55 +0000] "GET /profiles/ HTTP/1.1" 200 1049 "http://shaqinair.pythonanywhere.com/" "Mozilla/5.0 (X11; Linux x86_64) AppleWebKit/537.36 (KHTML, like Gecko) Chrome/111.0.0.0 Safari/537.36" "78.182.145.42" response-time=1.276
78.182.145.42 - - [21/May/2023:20:25:59 +0000] "GET /N_Analysis/ HTTP/1.1" 200 1239 "http://shaqinair.pythonanywhere.com/" "Mozilla/5.0 (X11; Linux x86_64) AppleWebKit/537.36 (KHTML, like Gecko) Chrome/111.0.0.0 Safari/537.36" "78.182.145.42" response-time=0.003
78.182.145.42 - - [21/May/2023:20:26:26 +0000] "GET /signup/ HTTP/1.1" 200 1351 "http://shaqinair.pythonanywhere.com/" "Mozilla/5.0 (X11; Linux x86_64) AppleWebKit/537.36 (KHTML, like Gecko) Chrome/111.0.0.0 Safari/537.36" "78.182.145.42" response-time=0.003
110.235.224.31 - - [21/May/2023:20:30:54 +0000] "GET / HTTP/1.1" 200 1156 "-" "Mozilla/5.0 (Linux; Android 10; K) AppleWebKit/537.36 (KHTML, like Gecko) Chrome/113.0.0.0 Mobile Safari/537.36" "110.235.224.31" response-time=0.002
110.235.224.31 - - [21/May/2023:20:30:54 +0000] "GET /favicon.ico HTTP/1.1" 404 1145 "http://shaqinair.pythonanywhere.com/" "Mozilla/5.0 (Linux; Android 10; K) AppleWebKit/537.36 (KHTML, like Gecko) Chrome/113.0.0.0 Mobile Safari/537.36" "110.235.224.31" response-time=0.011
110.235.224.31 - - [21/May/2023:20:31:03 +0000] "GET /profiles/ HTTP/1.1" 200 1049 "http://shaqinair.pythonanywhere.com/" "Mozilla/5.0 (Linux; Android 10; K) AppleWebKit/537.36 (KHTML, like Gecko) Chrome/113.0.0.0 Mobile Safari/537.36" "110.235.224.31" response-time=0.010
110.235.224.31 - - [21/May/2023:20:31:05 +0000] "GET /profiles/ishaqkhan/ HTTP/1.1" 200 1074 "http://shaqinair.pythonanywhere.com/profiles/" "Mozilla/5.0 (Linux; Android 10; K) AppleWebKit/537.36 (KHTML, like Gecko) Chrome/113.0.0.0 Mobile Safari/537.36" "110.235.224.31" response-time=0.009
110.235.224.31 - - [21/May/2023:20:31:16 +0000] "GET /N_Analysis/ HTTP/1.1" 200 1239 "http://shaqinair.pythonanywhere.com/" "Mozilla/5.0 (Linux; Android 10; K) AppleWebKit/537.36 (KHTML, like Gecko) Chrome/113.0.0.0 Mobile Safari/537.36" "110.235.224.31" response-time=0.001
110.235.224.31 - - [21/May/2023:20:31:23 +0000] "GET /N_Analysis/bisection/ HTTP/1.1" 200 1281 "http://shaqinair.pythonanywhere.com/N_Analysis/" "Mozilla/5.0 (Linux; Android 10; K) AppleWebKit/537.36 (KHTML, like Gecko) Chrome/113.0.0.0 Mobile Safari/537.36" "110.235.224.31" response-time=0.003
110.235.224.31 - - [21/May/2023:20:35:32 +0000] "GET / HTTP/1.1" 200 1156 "-" "Mozilla/5.0 (Linux; Android 10; K) AppleWebKit/537.36 (KHTML, like Gecko) Chrome/113.0.0.0 Mobile Safari/537.36" "110.235.224.31" response-time=0.002
110.235.224.31 - - [21/May/2023:20:35:35 +0000] "GET /upload/ HTTP/1.1" 200 1279 "http://shaqinair.pythonanywhere.com/" "Mozilla/5.0 (Linux; Android 10; K) AppleWebKit/537.36 (KHTML, like Gecko) Chrome/113.0.0.0 Mobile Safari/537.36" "110.235.224.31" response-time=0.006
110.235.224.31 - - [21/May/2023:20:35:38 +0000] "GET /calc/ HTTP/1.1" 200 1323 "http://shaqinair.pythonanywhere.com/" "Mozilla/5.0 (Linux; Android 10; K) AppleWebKit/537.36 (KHTML, like Gecko) Chrome/113.0.0.0 Mobile Safari/537.36" "110.235.224.31" response-time=0.002
85.108.194.4 - - [21/May/2023:21:31:37 +0000] "GET / HTTP/1.1" 200 1156 "-" "Mozilla/5.0 (Linux; Android 10; K) AppleWebKit/537.36 (KHTML, like Gecko) Chrome/113.0.0.0 Mobile Safari/537.36" "85.108.194.4" response-time=0.004
85.108.194.4 - - [21/May/2023:21:31:37 +0000] "GET /favicon.ico HTTP/1.1" 404 1145 "http://shaqinair.pythonanywhere.com/" "Mozilla/5.0 (Linux; Android 10; K) AppleWebKit/537.36 (KHTML, like Gecko) Chrome/113.0.0.0 Mobile Safari/537.36" "85.108.194.4" response-time=0.013
85.108.194.4 - - [21/May/2023:21:31:41 +0000] "GET /calc/ HTTP/1.1" 200 1326 "http://shaqinair.pythonanywhere.com/" "Mozilla/5.0 (Linux; Android 10; K) AppleWebKit/537.36 (KHTML, like Gecko) Chrome/113.0.0.0 Mobile Safari/537.36" "85.108.194.4" response-time=0.003
85.108.194.4 - - [21/May/2023:21:31:48 +0000] "GET /N_Analysis/ HTTP/1.1" 200 1239 "http://shaqinair.pythonanywhere.com/" "Mozilla/5.0 (Linux; Android 10; K) AppleWebKit/537.36 (KHTML, like Gecko) Chrome/113.0.0.0 Mobile Safari/537.36" "85.108.194.4" response-time=0.002
85.108.194.4 - - [21/May/2023:21:31:50 +0000] "GET /N_Analysis/bisection/ HTTP/1.1" 200 1282 "http://shaqinair.pythonanywhere.com/N_Analysis/" "Mozilla/5.0 (Linux; Android 10; K) AppleWebKit/537.36 (KHTML, like Gecko) Chrome/113.0.0.0 Mobile Safari/537.36" "85.108.194.4" response-time=0.002
85.108.194.4 - - [21/May/2023:21:31:53 +0000] "GET /N_Analysis/newtons/ HTTP/1.1" 200 1255 "http://shaqinair.pythonanywhere.com/N_Analysis/" "Mozilla/5.0 (Linux; Android 10; K) AppleWebKit/537.36 (KHTML, like Gecko) Chrome/113.0.0.0 Mobile Safari/537.36" "85.108.194.4" response-time=0.002
85.108.194.4 - - [21/May/2023:21:31:58 +0000] "GET /login/ HTTP/1.1" 200 1305 "http://shaqinair.pythonanywhere.com/" "Mozilla/5.0 (Linux; Android 10; K) AppleWebKit/537.36 (KHTML, like Gecko) Chrome/113.0.0.0 Mobile Safari/537.36" "85.108.194.4" response-time=0.003
85.108.194.4 - - [21/May/2023:21:32:00 +0000] "GET /signup/ HTTP/1.1" 200 1355 "http://shaqinair.pythonanywhere.com/login/" "Mozilla/5.0 (Linux; Android 10; K) AppleWebKit/537.36 (KHTML, like Gecko) Chrome/113.0.0.0 Mobile Safari/537.36" "85.108.194.4" response-time=0.003
85.108.194.4 - - [21/May/2023:21:32:09 +0000] "GET /profiles/ HTTP/1.1" 200 1049 "http://shaqinair.pythonanywhere.com/" "Mozilla/5.0 (Linux; Android 10; K) AppleWebKit/537.36 (KHTML, like Gecko) Chrome/113.0.0.0 Mobile Safari/537.36" "85.108.194.4" response-time=0.016
78.182.132.87 - - [21/May/2023:21:41:37 +0000] "GET /favicon.ico HTTP/1.1" 404 1145 "http://shaqinair.pythonanywhere.com/" "Mozilla/5.0 (Linux; Android 10; K) AppleWebKit/537.36 (KHTML, like Gecko) Chrome/113.0.0.0 Mobile Safari/537.36" "78.182.132.87" response-time=0.019
131.215.220.163 - - [22/May/2023:01:34:36 +0000] "GET /profiles/ HTTP/1.1" 200 1049 "http://shaqinair.pythonanywhere.com/" "Mozilla/5.0 (Linux; Android 13; SM-S908U1 Build/TP1A.220624.014; wv) AppleWebKit/537.36 (KHTML, like Gecko) Version/4.0 Chrome/113.0.5672.77 Mobile Safari/537.36 Instagram 283.0.0.20.105 Android (33/13; 450dpi; 1080x2106; samsung; SM-S908U1; b0q; qcom; en_US; 475221257)" "131.215.220.163" response-time=0.013
131.215.220.163 - - [22/May/2023:01:34:41 +0000] "GET /calc/ HTTP/1.1" 200 1320 "http://shaqinair.pythonanywhere.com/" "Mozilla/5.0 (Linux; Android 13; SM-S908U1 Build/TP1A.220624.014; wv) AppleWebKit/537.36 (KHTML, like Gecko) Version/4.0 Chrome/113.0.5672.77 Mobile Safari/537.36 Instagram 283.0.0.20.105 Android (33/13; 450dpi; 1080x2106; samsung; SM-S908U1; b0q; qcom; en_US; 475221257)" "131.215.220.163" response-time=0.002
131.215.220.163 - - [22/May/2023:01:34:47 +0000] "GET /quadeq/ HTTP/1.1" 200 1379 "http://shaqinair.pythonanywhere.com/" "Mozilla/5.0 (Linux; Android 13; SM-S908U1 Build/TP1A.220624.014; wv) AppleWebKit/537.36 (KHTML, like Gecko) Version/4.0 Chrome/113.0.5672.77 Mobile Safari/537.36 Instagram 283.0.0.20.105 Android (33/13; 450dpi; 1080x2106; samsung; SM-S908U1; b0q; qcom; en_US; 475221257)" "131.215.220.163" response-time=0.002
131.215.220.163 - - [22/May/2023:01:34:50 +0000] "GET /upload/ HTTP/1.1" 200 1278 "http://shaqinair.pythonanywhere.com/" "Mozilla/5.0 (Linux; Android 13; SM-S908U1 Build/TP1A.220624.014; wv) AppleWebKit/537.36 (KHTML, like Gecko) Version/4.0 Chrome/113.0.5672.77 Mobile Safari/537.36 Instagram 283.0.0.20.105 Android (33/13; 450dpi; 1080x2106; samsung; SM-S908U1; b0q; qcom; en_US; 475221257)" "131.215.220.163" response-time=0.003
78.182.150.28 - - [22/May/2023:05:45:24 +0000] "GET / HTTP/1.1" 200 1156 "http://instagram.com/" "Mozilla/5.0 (iPhone; CPU iPhone OS 15_7_5 like Mac OS X) AppleWebKit/605.1.15 (KHTML, like Gecko) Mobile/15E148 Instagram 283.0.0.16.103 (iPhone9,1; iOS 15_7_5; en_TR; en-TR; scale=2.00; 750x1334; 474411477) NW/3" "78.182.150.28" response-time=0.005
78.182.150.28 - - [22/May/2023:05:45:36 +0000] "GET /profiles/ HTTP/1.1" 200 1049 "http://shaqinair.pythonanywhere.com/" "Mozilla/5.0 (iPhone; CPU iPhone OS 15_7_5 like Mac OS X) AppleWebKit/605.1.15 (KHTML, like Gecko) Mobile/15E148 Instagram 283.0.0.16.103 (iPhone9,1; iOS 15_7_5; en_TR; en-TR; scale=2.00; 750x1334; 474411477)" "78.182.150.28" response-time=0.016
78.182.150.28 - - [22/May/2023:05:45:39 +0000] "GET /N_Analysis/ HTTP/1.1" 200 1239 "http://shaqinair.pythonanywhere.com/" "Mozilla/5.0 (iPhone; CPU iPhone OS 15_7_5 like Mac OS X) AppleWebKit/605.1.15 (KHTML, like Gecko) Mobile/15E148 Instagram 283.0.0.16.103 (iPhone9,1; iOS 15_7_5; en_TR; en-TR; scale=2.00; 750x1334; 474411477)" "78.182.150.28" response-time=0.002
78.182.150.28 - - [22/May/2023:05:45:48 +0000] "GET /N_Analysis/bisection/ HTTP/1.1" 200 1285 "http://shaqinair.pythonanywhere.com/N_Analysis/" "Mozilla/5.0 (iPhone; CPU iPhone OS 15_7_5 like Mac OS X) AppleWebKit/605.1.15 (KHTML, like Gecko) Mobile/15E148 Instagram 283.0.0.16.103 (iPhone9,1; iOS 15_7_5; en_TR; en-TR; scale=2.00; 750x1334; 474411477)" "78.182.150.28" response-time=0.003
78.182.150.28 - - [22/May/2023:05:46:04 +0000] "GET / HTTP/1.1" 200 1156 "http://shaqinair.pythonanywhere.com/N_Analysis/" "Mozilla/5.0 (iPhone; CPU iPhone OS 15_7_5 like Mac OS X) AppleWebKit/605.1.15 (KHTML, like Gecko) Mobile/15E148 Instagram 283.0.0.16.103 (iPhone9,1; iOS 15_7_5; en_TR; en-TR; scale=2.00; 750x1334; 474411477)" "78.182.150.28" response-time=0.072
78.182.150.28 - - [22/May/2023:05:46:09 +0000] "GET /N_Analysis/ HTTP/1.1" 200 1239 "http://shaqinair.pythonanywhere.com/" "Mozilla/5.0 (iPhone; CPU iPhone OS 15_7_5 like Mac OS X) AppleWebKit/605.1.15 (KHTML, like Gecko) Mobile/15E148 Instagram 283.0.0.16.103 (iPhone9,1; iOS 15_7_5; en_TR; en-TR; scale=2.00; 750x1334; 474411477)" "78.182.150.28" response-time=0.003
78.182.150.28 - - [22/May/2023:05:46:10 +0000] "GET /N_Analysis/horners/ HTTP/1.1" 200 1223 "http://shaqinair.pythonanywhere.com/N_Analysis/" "Mozilla/5.0 (iPhone; CPU iPhone OS 15_7_5 like Mac OS X) AppleWebKit/605.1.15 (KHTML, like Gecko) Mobile/15E148 Instagram 283.0.0.16.103 (iPhone9,1; iOS 15_7_5; en_TR; en-TR; scale=2.00; 750x1334; 474411477)" "78.182.150.28" response-time=0.002
